Starting CAP Project Generator...
Using @sap/cds-dk [10.0.7] from /extbin/globals/bun/global/install/node_modules/@sap/cds-dk
Using @sap/generator-cap-project [2.1.3] from [/extbin/globals/bun/global/install/node_modules/@sap/generator-cap-project]
Using root path [/home/user/projects]

Creating project with approuter, connectivity, destination, hana, html5-repo, mta, multitenancy, nodejs, pipeline, xsuaa

Adding facet: nodejs
Adding facet: mta
Adding facet: xsuaa
Adding facet: hana
Adding facet: multitenancy
Adding facet: approuter
Adding facet: connectivity
Adding facet: destination
Adding facet: html5-repo
Adding facet: pipeline

Successfully initialized CAP project
Continue with: code it-service-request 
for information on project "Piper" and its pipelines see https://www.project-piper.io/


Installing dependencies...

added 106 packages, and audited 218 packages in 4s

34 packages are looking for funding
  run `npm fund` for details

found 0 vulnerabilities

Finished installing dependencies

Done setting up project it-service-request
Project is ready to use

